--- ptui-snapshot v1 84x20
|                                                                                    |
|  ╭──────────────────────────────────────────────────────────────────────────────╮  |
|  │amoebum chat                                                                  │  |
|  │branch feat/chat-snapshot | mode full-auto | Tokens: 0/128000 (0%) | stream id│  |
|  │No conversation yet. Type below and press Enter.                              │  |
|  │                                                                              │  |
|  │                                                                              │  |
|  │                                                                              │  |
|  │                                                                              │  |
|  │                                                                              │  |
|  │                                                                              │  |
|  │                                                                              │  |
|  │                                                                              │  |
|  │                                                                              │  |
|  │╭──────────────────╮                                                          │  |
|  ││                  │                                                          │  |
|  │╰──────────────────╯                                                          │  |
|  ╰──────────────────────────────────────────────────────────────────────────────╯  |
|                                                                                    |
|                                                                                    |
--- attrs
3,48:bold
3,49:bold
3,50:bold
3,51:bold
3,52:bold
3,53:bold
3,54:bold
3,55:bold
3,56:bold
3,57:bold
3,58:bold
3,59:bold
3,60:bold
3,61:bold
3,62:bold
3,63:bold
3,64:bold
3,65:bold
3,66:bold
3,67:bold
3,68:bold
4,3:bold
4,4:bold
4,5:bold
4,6:bold
4,7:bold
4,8:bold
4,9:bold
4,10:bold
4,11:bold
4,12:bold
4,13:bold
4,14:bold
4,15:bold
4,16:bold
4,17:bold
4,18:bold
4,19:bold
4,20:bold
4,21:bold
4,22:bold
4,23:bold
4,24:bold
4,25:bold
4,26:bold
4,27:bold
4,28:bold
4,29:bold
4,30:bold
4,31:bold
4,32:bold
4,33:bold
4,34:bold
4,35:bold
4,36:bold
4,37:bold
4,38:bold
4,39:bold
4,40:bold
4,41:bold
4,42:bold
4,43:bold
4,44:bold
4,45:bold
4,46:bold
4,47:bold
4,48:bold
4,49:bold
4,50:bold
14,3:bold,invert
14,4:bold,invert
14,5:bold,invert
14,6:bold,invert
14,7:bold,invert
14,8:bold,invert
14,9:bold,invert
14,10:bold,invert
14,11:bold,invert
14,12:bold,invert
14,13:bold,invert
14,14:bold,invert
14,15:bold,invert
14,16:bold,invert
14,17:bold,invert
14,18:bold,invert
14,19:bold,invert
14,20:bold,invert
14,21:bold,invert
14,22:bold,invert
15,3:bold,invert
15,22:bold,invert
16,3:bold,invert
16,4:bold,invert
16,5:bold,invert
16,6:bold,invert
16,7:bold,invert
16,8:bold,invert
16,9:bold,invert
16,10:bold,invert
16,11:bold,invert
16,12:bold,invert
16,13:bold,invert
16,14:bold,invert
16,15:bold,invert
16,16:bold,invert
16,17:bold,invert
16,18:bold,invert
16,19:bold,invert
16,20:bold,invert
16,21:bold,invert
16,22:bold,invert
