--- ptui-snapshot v1 84x20
|                                                                                    |
|  ╭──────────────────────────────────────────────────────────────────────────────╮  |
|  │amoebum chat                                                                  │  |
|  │branch feat/chat-snapshot | mode full-auto | Tokens: 0/128000 (0%) | stream id│  |
|  │No conversation yet. Type below and press Enter.                              │  |
|  │                                                                              │  |
|  │                                                                              │  |
|  │                                                                              │  |
|  │                                                                              │  |
|  │                                                                              │  |
|  │                                                                              │  |
|  │                                                                              │  |
|  │                                                                              │  |
|  │                                                                              │  |
|  │╭─────────────────────────────────────────────────────────────────────────────│  |
|  ││                                                                             │  |
|  │╰─────────────────────────────────────────────────────────────────────────────│  |
|  ╰──────────────────────────────────────────────────────────────────────────────╯  |
|                                                                                    |
|                                                                                    |
--- attrs
3,48:bold
3,49:bold
3,50:bold
3,51:bold
3,52:bold
3,53:bold
3,54:bold
3,55:bold
3,56:bold
3,57:bold
3,58:bold
3,59:bold
3,60:bold
3,61:bold
3,62:bold
3,63:bold
3,64:bold
3,65:bold
3,66:bold
3,67:bold
3,68:bold
4,3:bold
4,4:bold
4,5:bold
4,6:bold
4,7:bold
4,8:bold
4,9:bold
4,10:bold
4,11:bold
4,12:bold
4,13:bold
4,14:bold
4,15:bold
4,16:bold
4,17:bold
4,18:bold
4,19:bold
4,20:bold
4,21:bold
4,22:bold
4,23:bold
4,24:bold
4,25:bold
4,26:bold
4,27:bold
4,28:bold
4,29:bold
4,30:bold
4,31:bold
4,32:bold
4,33:bold
4,34:bold
4,35:bold
4,36:bold
4,37:bold
4,38:bold
4,39:bold
4,40:bold
4,41:bold
4,42:bold
4,43:bold
4,44:bold
4,45:bold
4,46:bold
4,47:bold
4,48:bold
4,49:bold
4,50:bold
14,3:bold,invert
14,4:bold,invert
14,5:bold,invert
14,6:bold,invert
14,7:bold,invert
14,8:bold,invert
14,9:bold,invert
14,10:bold,invert
14,11:bold,invert
14,12:bold,invert
14,13:bold,invert
14,14:bold,invert
14,15:bold,invert
14,16:bold,invert
14,17:bold,invert
14,18:bold,invert
14,19:bold,invert
14,20:bold,invert
14,21:bold,invert
14,22:bold,invert
14,23:bold,invert
14,24:bold,invert
14,25:bold,invert
14,26:bold,invert
14,27:bold,invert
14,28:bold,invert
14,29:bold,invert
14,30:bold,invert
14,31:bold,invert
14,32:bold,invert
14,33:bold,invert
14,34:bold,invert
14,35:bold,invert
14,36:bold,invert
14,37:bold,invert
14,38:bold,invert
14,39:bold,invert
14,40:bold,invert
14,41:bold,invert
14,42:bold,invert
14,43:bold,invert
14,44:bold,invert
14,45:bold,invert
14,46:bold,invert
14,47:bold,invert
14,48:bold,invert
14,49:bold,invert
14,50:bold,invert
14,51:bold,invert
14,52:bold,invert
14,53:bold,invert
14,54:bold,invert
14,55:bold,invert
14,56:bold,invert
14,57:bold,invert
14,58:bold,invert
14,59:bold,invert
14,60:bold,invert
14,61:bold,invert
14,62:bold,invert
14,63:bold,invert
14,64:bold,invert
14,65:bold,invert
14,66:bold,invert
14,67:bold,invert
14,68:bold,invert
14,69:bold,invert
14,70:bold,invert
14,71:bold,invert
14,72:bold,invert
14,73:bold,invert
14,74:bold,invert
14,75:bold,invert
14,76:bold,invert
14,77:bold,invert
14,78:bold,invert
14,79:bold,invert
14,80:bold,invert
15,3:bold,invert
16,3:bold,invert
16,4:bold,invert
16,5:bold,invert
16,6:bold,invert
16,7:bold,invert
16,8:bold,invert
16,9:bold,invert
16,10:bold,invert
16,11:bold,invert
16,12:bold,invert
16,13:bold,invert
16,14:bold,invert
16,15:bold,invert
16,16:bold,invert
16,17:bold,invert
16,18:bold,invert
16,19:bold,invert
16,20:bold,invert
16,21:bold,invert
16,22:bold,invert
16,23:bold,invert
16,24:bold,invert
16,25:bold,invert
16,26:bold,invert
16,27:bold,invert
16,28:bold,invert
16,29:bold,invert
16,30:bold,invert
16,31:bold,invert
16,32:bold,invert
16,33:bold,invert
16,34:bold,invert
16,35:bold,invert
16,36:bold,invert
16,37:bold,invert
16,38:bold,invert
16,39:bold,invert
16,40:bold,invert
16,41:bold,invert
16,42:bold,invert
16,43:bold,invert
16,44:bold,invert
16,45:bold,invert
16,46:bold,invert
16,47:bold,invert
16,48:bold,invert
16,49:bold,invert
16,50:bold,invert
16,51:bold,invert
16,52:bold,invert
16,53:bold,invert
16,54:bold,invert
16,55:bold,invert
16,56:bold,invert
16,57:bold,invert
16,58:bold,invert
16,59:bold,invert
16,60:bold,invert
16,61:bold,invert
16,62:bold,invert
16,63:bold,invert
16,64:bold,invert
16,65:bold,invert
16,66:bold,invert
16,67:bold,invert
16,68:bold,invert
16,69:bold,invert
16,70:bold,invert
16,71:bold,invert
16,72:bold,invert
16,73:bold,invert
16,74:bold,invert
16,75:bold,invert
16,76:bold,invert
16,77:bold,invert
16,78:bold,invert
16,79:bold,invert
16,80:bold,invert
