--- ptui-snapshot v1 84x20
| YOU> Continue the analysis.                                                        |
|                                                                                    |
| SYSTEM> Warning: Token budget at 90% (10800/12000). Consider compacting.           |
|                                                                                    |
| ASSISTANT> I will try to be concise. The remaining analysis shows...               |
|                                                                                    |
|                                                                                    |
|                                                                                    |
|                                                                                    |
|                                                                                    |
|                                                                                    |
|                                                                                    |
|                                                                                    |
|                                                                                    |
| ╭────────────────────────────────────────────────────────────────────────────────╮ |
| │                                                                                │ |
| ╰────────────────────────────────────────────────────────────────────────────────╯ |
| branch test/error | mode full-auto | Tokens: 37/128000 (0%) | stream idle | model  |
|                                                                                    |
|                                                                                    |
--- attrs
0,1:bold
0,2:bold
0,3:bold
0,4:bold
0,5:bold
0,6:bold
0,7:bold
0,8:bold
0,9:bold
0,10:bold
0,11:bold
0,12:bold
0,13:bold
0,14:bold
0,15:bold
0,16:bold
0,17:bold
0,18:bold
0,19:bold
0,20:bold
0,21:bold
0,22:bold
0,23:bold
0,24:bold
0,25:bold
0,26:bold
0,27:bold
2,1:bold
2,2:bold
2,3:bold
2,4:bold
2,5:bold
2,6:bold
2,7:bold
2,8:bold
2,9:bold
2,10:bold
2,11:bold
2,12:bold
2,13:bold
2,14:bold
2,15:bold
2,16:bold
2,17:bold
2,18:bold
2,19:bold
2,20:bold
2,21:bold
2,22:bold
2,23:bold
2,24:bold
2,25:bold
2,26:bold
2,27:bold
2,28:bold
2,29:bold
2,30:bold
2,31:bold
2,32:bold
2,33:bold
2,34:bold
2,35:bold
2,36:bold
2,37:bold
2,38:bold
2,39:bold
2,40:bold
2,41:bold
2,42:bold
2,43:bold
2,44:bold
2,45:bold
2,46:bold
2,47:bold
2,48:bold
2,49:bold
2,50:bold
2,51:bold
2,52:bold
2,53:bold
2,54:bold
2,55:bold
2,56:bold
2,57:bold
2,58:bold
2,59:bold
2,60:bold
2,61:bold
2,62:bold
2,63:bold
2,64:bold
2,65:bold
2,66:bold
2,67:bold
2,68:bold
2,69:bold
2,70:bold
2,71:bold
2,72:bold
15,2:bold
17,1:bold
17,2:bold
17,3:bold
17,4:bold
17,5:bold
17,6:bold
17,7:bold
17,8:bold
17,9:bold
17,10:bold
17,11:bold
17,12:bold
17,13:bold
17,14:bold
17,15:bold
17,16:bold
17,17:bold
17,18:bold
17,19:bold
17,20:bold
17,21:bold
17,22:bold
17,23:bold
17,24:bold
17,25:bold
17,26:bold
17,27:bold
17,28:bold
17,29:bold
17,30:bold
17,31:bold
17,32:bold
17,33:bold
17,34:bold
17,35:bold
17,36:bold
17,37:bold
17,38:bold
17,39:bold
17,40:bold
17,41:bold
17,42:bold
17,43:bold
17,44:bold
17,45:bold
17,46:bold
17,47:bold
17,48:bold
17,49:bold
17,50:bold
17,51:bold
17,52:bold
17,53:bold
17,54:bold
17,55:bold
17,56:bold
17,57:bold
17,58:bold
17,59:bold
17,60:bold
17,61:bold
17,62:bold
17,63:bold
17,64:bold
17,65:bold
17,66:bold
17,67:bold
17,68:bold
17,69:bold
17,70:bold
17,71:bold
17,72:bold
17,73:bold
17,74:bold
17,75:bold
17,76:bold
17,77:bold
17,78:bold
17,79:bold
17,80:bold
17,81:bold
17,82:bold
