--- ptui-snapshot v1 84x20
| > Delete that file.                                                                |
|                                                                                    |
| > I attempted to run the command but it was denied.                                |
|                                                                                    |
| > Error: Permission denied for tool 'bash-exec'. Command: rm -rf /important        |
|                                                                                    |
|                                                                                    |
|                                                                                    |
|                                                                                    |
|                                                                                    |
|                                                                                    |
|                                                                                    |
|                                                                                    |
|                                                                                    |
|                                                                                    |
|                                                                                    |
|╭────────────────────────────────────────────────────────────────────────────────╮  |
|│                                                                                │  |
|╰────────────────────────────────────────────────────────────────────────────────╯  |
|branch test/error | mode full-auto | Tokens: 37/128000 (0%) | stream idle | model mo|
--- attrs
0,0:bold
0,1:bold
0,2:bold
2,0:bold
2,1:bold
2,2:bold
4,0:bold
4,1:bold
4,2:bold
17,1:bold,invert
19,37:bold
19,38:bold
19,39:bold
19,40:bold
19,41:bold
19,42:bold
19,43:bold
19,44:bold
19,45:bold
19,46:bold
19,47:bold
19,48:bold
19,49:bold
19,50:bold
19,51:bold
19,52:bold
19,53:bold
19,54:bold
19,55:bold
19,56:bold
19,57:bold
19,58:bold
