--- ptui-snapshot v1 84x20
| > Hello                                                                            |
|                                                                                    |
| > Hi! How can I help?                                                              |
|                                                                                    |
|                                                                                    |
|                                                                                    |
|                                                                                    |
|                                                                                    |
|                                                                                    |
|                                                                                    |
|                                                                                    |
|                                                                                    |
|                                                                                    |
|                                                                                    |
|                                                                                    |
|                                                                                    |
|╭────────────────────────────────────────────────────────────────────────────────╮  |
|│typing here                                                                     │  |
|╰────────────────────────────────────────────────────────────────────────────────╯  |
|branch test/focus | mode full-auto | Tokens: 7/128000 (0%) | stream idle | model moo|
--- attrs
0,0:bold
0,1:bold
0,2:bold
2,0:bold
2,1:bold
2,2:bold
17,12:bold,invert
19,37:bold
19,38:bold
19,39:bold
19,40:bold
19,41:bold
19,42:bold
19,43:bold
19,44:bold
19,45:bold
19,46:bold
19,47:bold
19,48:bold
19,49:bold
19,50:bold
19,51:bold
19,52:bold
19,53:bold
19,54:bold
19,55:bold
19,56:bold
19,57:bold
