--- ptui-snapshot v1 84x20
| YOU> User message number 11 about topic 11.                                        |
|                                                                                    |
| ASSISTANT> Assistant response to query 11. This is a detailed explanation.         |
|                                                                                    |
| YOU> User message number 12 about topic 12.                                        |
|                                                                                    |
| ASSISTANT> Assistant response to query 12. This is a detailed explanation.         |
|                                                                                    |
| YOU> User message number 13 about topic 13.                                        |
|                                                                                    |
| ASSISTANT> Assistant response to query 13. This is a detailed explanation.         |
|                                                                                    |
| YOU> User message number 14 about topic 14.                                        |
|                                                                                    |
| ╭────────────────────────────────────────────────────────────────────────────────╮ |
| │                                                                                │ |
| ╰────────────────────────────────────────────────────────────────────────────────╯ |
| branch test/scroll | mode full-auto | Tokens: 381/128000 (0%) | stream idle | mode |
|                                                                                    |
|                                                                                    |
--- attrs
0,1:bold
0,2:bold
0,3:bold
0,4:bold
0,5:bold
0,6:bold
0,7:bold
0,8:bold
0,9:bold
0,10:bold
0,11:bold
0,12:bold
0,13:bold
0,14:bold
0,15:bold
0,16:bold
0,17:bold
0,18:bold
0,19:bold
0,20:bold
0,21:bold
0,22:bold
0,23:bold
0,24:bold
0,25:bold
0,26:bold
0,27:bold
0,28:bold
0,29:bold
0,30:bold
0,31:bold
0,32:bold
0,33:bold
0,34:bold
0,35:bold
0,36:bold
0,37:bold
0,38:bold
0,39:bold
0,40:bold
0,41:bold
0,42:bold
0,43:bold
4,1:bold
4,2:bold
4,3:bold
4,4:bold
4,5:bold
4,6:bold
4,7:bold
4,8:bold
4,9:bold
4,10:bold
4,11:bold
4,12:bold
4,13:bold
4,14:bold
4,15:bold
4,16:bold
4,17:bold
4,18:bold
4,19:bold
4,20:bold
4,21:bold
4,22:bold
4,23:bold
4,24:bold
4,25:bold
4,26:bold
4,27:bold
4,28:bold
4,29:bold
4,30:bold
4,31:bold
4,32:bold
4,33:bold
4,34:bold
4,35:bold
4,36:bold
4,37:bold
4,38:bold
4,39:bold
4,40:bold
4,41:bold
4,42:bold
4,43:bold
8,1:bold
8,2:bold
8,3:bold
8,4:bold
8,5:bold
8,6:bold
8,7:bold
8,8:bold
8,9:bold
8,10:bold
8,11:bold
8,12:bold
8,13:bold
8,14:bold
8,15:bold
8,16:bold
8,17:bold
8,18:bold
8,19:bold
8,20:bold
8,21:bold
8,22:bold
8,23:bold
8,24:bold
8,25:bold
8,26:bold
8,27:bold
8,28:bold
8,29:bold
8,30:bold
8,31:bold
8,32:bold
8,33:bold
8,34:bold
8,35:bold
8,36:bold
8,37:bold
8,38:bold
8,39:bold
8,40:bold
8,41:bold
8,42:bold
8,43:bold
12,1:bold
12,2:bold
12,3:bold
12,4:bold
12,5:bold
12,6:bold
12,7:bold
12,8:bold
12,9:bold
12,10:bold
12,11:bold
12,12:bold
12,13:bold
12,14:bold
12,15:bold
12,16:bold
12,17:bold
12,18:bold
12,19:bold
12,20:bold
12,21:bold
12,22:bold
12,23:bold
12,24:bold
12,25:bold
12,26:bold
12,27:bold
12,28:bold
12,29:bold
12,30:bold
12,31:bold
12,32:bold
12,33:bold
12,34:bold
12,35:bold
12,36:bold
12,37:bold
12,38:bold
12,39:bold
12,40:bold
12,41:bold
12,42:bold
12,43:bold
15,2:bold
17,1:bold
17,2:bold
17,3:bold
17,4:bold
17,5:bold
17,6:bold
17,7:bold
17,8:bold
17,9:bold
17,10:bold
17,11:bold
17,12:bold
17,13:bold
17,14:bold
17,15:bold
17,16:bold
17,17:bold
17,18:bold
17,19:bold
17,20:bold
17,21:bold
17,22:bold
17,23:bold
17,24:bold
17,25:bold
17,26:bold
17,27:bold
17,28:bold
17,29:bold
17,30:bold
17,31:bold
17,32:bold
17,33:bold
17,34:bold
17,35:bold
17,36:bold
17,37:bold
17,38:bold
17,39:bold
17,40:bold
17,41:bold
17,42:bold
17,43:bold
17,44:bold
17,45:bold
17,46:bold
17,47:bold
17,48:bold
17,49:bold
17,50:bold
17,51:bold
17,52:bold
17,53:bold
17,54:bold
17,55:bold
17,56:bold
17,57:bold
17,58:bold
17,59:bold
17,60:bold
17,61:bold
17,62:bold
17,63:bold
17,64:bold
17,65:bold
17,66:bold
17,67:bold
17,68:bold
17,69:bold
17,70:bold
17,71:bold
17,72:bold
17,73:bold
17,74:bold
17,75:bold
17,76:bold
17,77:bold
17,78:bold
17,79:bold
17,80:bold
17,81:bold
17,82:bold
