--- ptui-snapshot v1 84x20
| > User message number 11 about topic 11.                                        │  |
|                                                                                 │  |
| > Assistant response to query 11. This is a detailed explanation.               │  |
|                                                                                 │  |
| > User message number 12 about topic 12.                                        │  |
|                                                                                 │  |
| > Assistant response to query 12. This is a detailed explanation.               │  |
|                                                                                 │  |
| > User message number 13 about topic 13.                                        │  |
|                                                                                 █  |
| > Assistant response to query 13. This is a detailed explanation.               █  |
|                                                                                 █  |
| > User message number 14 about topic 14.                                        │  |
|                                                                                 │  |
|                                                                                    |
|                                                                                    |
|╭────────────────────────────────────────────────────────────────────────────────╮  |
|│                                                                                │  |
|╰────────────────────────────────────────────────────────────────────────────────╯  |
|branch test/scroll | mode full-auto | Tokens: 381/128000 (0%) | ctx [░░░░░░░░] 0% | |
--- attrs
0,0:bold
0,1:bold
0,2:bold
0,81:dim
1,81:dim
2,0:bold
2,1:bold
2,2:bold
2,81:dim
3,81:dim
4,0:bold
4,1:bold
4,2:bold
4,81:dim
5,81:dim
6,0:bold
6,1:bold
6,2:bold
6,81:dim
7,81:dim
8,0:bold
8,1:bold
8,2:bold
8,81:dim
10,0:bold
10,1:bold
10,2:bold
12,0:bold
12,1:bold
12,2:bold
12,81:dim
13,81:dim
17,1:bold,invert
19,38:bold
19,39:bold
19,40:bold
19,41:bold
19,42:bold
19,43:bold
19,44:bold
19,45:bold
19,46:bold
19,47:bold
19,48:bold
19,49:bold
19,50:bold
19,51:bold
19,52:bold
19,53:bold
19,54:bold
19,55:bold
19,56:bold
19,57:bold
19,58:bold
19,59:bold
19,60:bold
19,64:bold
19,65:bold
19,66:bold
19,67:bold
19,68:bold
19,69:bold
19,70:bold
19,71:bold
19,72:bold
19,73:bold
19,74:bold
19,75:bold
19,76:bold
19,77:bold
19,78:bold
19,79:bold
19,80:bold
