--- ptui-snapshot v1 84x20
|                                                                                    |
| ASSISTANT> Assistant response to query 12. This is a detailed explanation.         |
|                                                                                    |
| YOU> User message number 13 about topic 13.                                        |
|                                                                                    |
| ASSISTANT> Assistant response to query 13. This is a detailed explanation.         |
|                                                                                    |
| YOU> User message number 14 about topic 14.                                        |
|                                                                                    |
| ASSISTANT> Assistant response to query 14. This is a detailed explanation.         |
|                                                                                    |
| YOU> User message number 15 about topic 15.                                        |
|                                                                                    |
| ASSISTANT> Assistant response to query 15. This is a detailed explanation.         |
| ╭────────────────────────────────────────────────────────────────────────────────╮ |
| │                                                                                │ |
| ╰────────────────────────────────────────────────────────────────────────────────╯ |
| branch test/scroll | mode full-auto | Tokens: 381/128000 (0%) | stream idle | mode |
|                                                                                    |
|                                                                                    |
--- attrs
3,1:bold
3,2:bold
3,3:bold
3,4:bold
3,5:bold
3,6:bold
3,7:bold
3,8:bold
3,9:bold
3,10:bold
3,11:bold
3,12:bold
3,13:bold
3,14:bold
3,15:bold
3,16:bold
3,17:bold
3,18:bold
3,19:bold
3,20:bold
3,21:bold
3,22:bold
3,23:bold
3,24:bold
3,25:bold
3,26:bold
3,27:bold
3,28:bold
3,29:bold
3,30:bold
3,31:bold
3,32:bold
3,33:bold
3,34:bold
3,35:bold
3,36:bold
3,37:bold
3,38:bold
3,39:bold
3,40:bold
3,41:bold
3,42:bold
3,43:bold
7,1:bold
7,2:bold
7,3:bold
7,4:bold
7,5:bold
7,6:bold
7,7:bold
7,8:bold
7,9:bold
7,10:bold
7,11:bold
7,12:bold
7,13:bold
7,14:bold
7,15:bold
7,16:bold
7,17:bold
7,18:bold
7,19:bold
7,20:bold
7,21:bold
7,22:bold
7,23:bold
7,24:bold
7,25:bold
7,26:bold
7,27:bold
7,28:bold
7,29:bold
7,30:bold
7,31:bold
7,32:bold
7,33:bold
7,34:bold
7,35:bold
7,36:bold
7,37:bold
7,38:bold
7,39:bold
7,40:bold
7,41:bold
7,42:bold
7,43:bold
11,1:bold
11,2:bold
11,3:bold
11,4:bold
11,5:bold
11,6:bold
11,7:bold
11,8:bold
11,9:bold
11,10:bold
11,11:bold
11,12:bold
11,13:bold
11,14:bold
11,15:bold
11,16:bold
11,17:bold
11,18:bold
11,19:bold
11,20:bold
11,21:bold
11,22:bold
11,23:bold
11,24:bold
11,25:bold
11,26:bold
11,27:bold
11,28:bold
11,29:bold
11,30:bold
11,31:bold
11,32:bold
11,33:bold
11,34:bold
11,35:bold
11,36:bold
11,37:bold
11,38:bold
11,39:bold
11,40:bold
11,41:bold
11,42:bold
11,43:bold
15,2:bold
17,1:bold
17,2:bold
17,3:bold
17,4:bold
17,5:bold
17,6:bold
17,7:bold
17,8:bold
17,9:bold
17,10:bold
17,11:bold
17,12:bold
17,13:bold
17,14:bold
17,15:bold
17,16:bold
17,17:bold
17,18:bold
17,19:bold
17,20:bold
17,21:bold
17,22:bold
17,23:bold
17,24:bold
17,25:bold
17,26:bold
17,27:bold
17,28:bold
17,29:bold
17,30:bold
17,31:bold
17,32:bold
17,33:bold
17,34:bold
17,35:bold
17,36:bold
17,37:bold
17,38:bold
17,39:bold
17,40:bold
17,41:bold
17,42:bold
17,43:bold
17,44:bold
17,45:bold
17,46:bold
17,47:bold
17,48:bold
17,49:bold
17,50:bold
17,51:bold
17,52:bold
17,53:bold
17,54:bold
17,55:bold
17,56:bold
17,57:bold
17,58:bold
17,59:bold
17,60:bold
17,61:bold
17,62:bold
17,63:bold
17,64:bold
17,65:bold
17,66:bold
17,67:bold
17,68:bold
17,69:bold
17,70:bold
17,71:bold
17,72:bold
17,73:bold
17,74:bold
17,75:bold
17,76:bold
17,77:bold
17,78:bold
17,79:bold
17,80:bold
17,81:bold
17,82:bold
