--- ptui-snapshot v1 84x20
| > Give me a structured overview.                                                   |
|                                                                                    |
| > Main Heading                                                                     |
|                                                                                    |
|   Overview of the system.                                                          |
|                                                                                    |
|   Sub Heading                                                                      |
|                                                                                    |
|   Details about the architecture.                                                  |
|                                                                                    |
|   Third Level                                                                      |
|                                                                                    |
|   Specifics about implementation.                                                  |
|                                                                                    |
|                                                                                    |
|                                                                                    |
|╭────────────────────────────────────────────────────────────────────────────────╮  |
|│                                                                                │  |
|╰────────────────────────────────────────────────────────────────────────────────╯  |
|branch test/style | mode full-auto | Tokens: 43/128000 (0%) | ctx [░░░░░░░░] 0% | st|
--- attrs
0,0:bold
0,1:bold
0,2:bold
2,0:bold
2,1:bold
2,2:bold
2,3:bold
2,4:bold
2,5:bold
2,6:bold
2,7:bold
2,8:bold
2,9:bold
2,10:bold
2,11:bold
2,12:bold
2,13:bold
2,14:bold
6,3:bold
6,4:bold
6,5:bold
6,6:bold
6,7:bold
6,8:bold
6,9:bold
6,10:bold
6,11:bold
6,12:bold
6,13:bold
10,3:bold
10,4:bold
10,5:bold
10,6:bold
10,7:bold
10,8:bold
10,9:bold
10,10:bold
10,11:bold
10,12:bold
10,13:bold
17,1:bold,invert
19,37:bold
19,38:bold
19,39:bold
19,40:bold
19,41:bold
19,42:bold
19,43:bold
19,44:bold
19,45:bold
19,46:bold
19,47:bold
19,48:bold
19,49:bold
19,50:bold
19,51:bold
19,52:bold
19,53:bold
19,54:bold
19,55:bold
19,56:bold
19,57:bold
19,58:bold
19,62:bold
19,63:bold
19,64:bold
19,65:bold
19,66:bold
19,67:bold
19,68:bold
19,69:bold
19,70:bold
19,71:bold
19,72:bold
19,73:bold
19,74:bold
19,75:bold
19,76:bold
19,77:bold
19,78:bold
