--- ptui-snapshot v1 84x20
| YOU> Give me a structured overview.                                                |
|                                                                                    |
| ASSISTANT> Main Heading                                                            |
|                                                                                    |
|            Overview of the system.                                                 |
|                                                                                    |
|            Sub Heading                                                             |
|                                                                                    |
|            Details about the architecture.                                         |
|                                                                                    |
|            Third Level                                                             |
|                                                                                    |
|            Specifics about implementation.                                         |
|                                                                                    |
| ╭────────────────────────────────────────────────────────────────────────────────╮ |
| │                                                                                │ |
| ╰────────────────────────────────────────────────────────────────────────────────╯ |
| branch test/style | mode full-auto | Tokens: 43/128000 (0%) | stream idle | model  |
|                                                                                    |
|                                                                                    |
--- attrs
0,1:bold
0,2:bold
0,3:bold
0,4:bold
0,5:bold
0,6:bold
0,7:bold
0,8:bold
0,9:bold
0,10:bold
0,11:bold
0,12:bold
0,13:bold
0,14:bold
0,15:bold
0,16:bold
0,17:bold
0,18:bold
0,19:bold
0,20:bold
0,21:bold
0,22:bold
0,23:bold
0,24:bold
0,25:bold
0,26:bold
0,27:bold
0,28:bold
0,29:bold
0,30:bold
0,31:bold
0,32:bold
0,33:bold
0,34:bold
0,35:bold
2,12:bold
2,13:bold
2,14:bold
2,15:bold
2,16:bold
2,17:bold
2,18:bold
2,19:bold
2,20:bold
2,21:bold
2,22:bold
2,23:bold
6,12:bold
6,13:bold
6,14:bold
6,15:bold
6,16:bold
6,17:bold
6,18:bold
6,19:bold
6,20:bold
6,21:bold
6,22:bold
10,12:bold
10,13:bold
10,14:bold
10,15:bold
10,16:bold
10,17:bold
10,18:bold
10,19:bold
10,20:bold
10,21:bold
10,22:bold
15,2:bold
17,1:bold
17,2:bold
17,3:bold
17,4:bold
17,5:bold
17,6:bold
17,7:bold
17,8:bold
17,9:bold
17,10:bold
17,11:bold
17,12:bold
17,13:bold
17,14:bold
17,15:bold
17,16:bold
17,17:bold
17,18:bold
17,19:bold
17,20:bold
17,21:bold
17,22:bold
17,23:bold
17,24:bold
17,25:bold
17,26:bold
17,27:bold
17,28:bold
17,29:bold
17,30:bold
17,31:bold
17,32:bold
17,33:bold
17,34:bold
17,35:bold
17,36:bold
17,37:bold
17,38:bold
17,39:bold
17,40:bold
17,41:bold
17,42:bold
17,43:bold
17,44:bold
17,45:bold
17,46:bold
17,47:bold
17,48:bold
17,49:bold
17,50:bold
17,51:bold
17,52:bold
17,53:bold
17,54:bold
17,55:bold
17,56:bold
17,57:bold
17,58:bold
17,59:bold
17,60:bold
17,61:bold
17,62:bold
17,63:bold
17,64:bold
17,65:bold
17,66:bold
17,67:bold
17,68:bold
17,69:bold
17,70:bold
17,71:bold
17,72:bold
17,73:bold
17,74:bold
17,75:bold
17,76:bold
17,77:bold
17,78:bold
17,79:bold
17,80:bold
17,81:bold
17,82:bold
