--- ptui-snapshot v1 84x20
| > System: You are a helpful assistant.                                             |
|                                                                                    |
| > What is the project structure?                                                   |
|                                                                                    |
| > The project has 4 ASDF systems.                                                  |
|                                                                                    |
| > glob-files returned: main.lisp, config.lisp, chat.lisp                           |
|                                                                                    |
|                                                                                    |
|                                                                                    |
|                                                                                    |
|                                                                                    |
|                                                                                    |
|                                                                                    |
|                                                                                    |
|                                                                                    |
|╭────────────────────────────────────────────────────────────────────────────────╮  |
|│                                                                                │  |
|╰────────────────────────────────────────────────────────────────────────────────╯  |
|branch test/style | mode full-auto | Tokens: 39/128000 (0%) | stream idle | model mo|
--- attrs
2,0:bold
2,1:bold
2,2:bold
4,0:bold
4,1:bold
4,2:bold
6,0:bold
6,1:bold
6,2:bold
17,1:bold,invert
19,37:bold
19,38:bold
19,39:bold
19,40:bold
19,41:bold
19,42:bold
19,43:bold
19,44:bold
19,45:bold
19,46:bold
19,47:bold
19,48:bold
19,49:bold
19,50:bold
19,51:bold
19,52:bold
19,53:bold
19,54:bold
19,55:bold
19,56:bold
19,57:bold
19,58:bold
