--- ptui-snapshot v1 84x20
| > Show me a hello world function.                                                  |
|                                                                                    |
| > Here is some code:                                                               |
|                                                                                    |
|   │ ```lisp                                                                        |
|   │ (defun hello ()                                                                |
|   │   (format t "Hello, world!                                                     |
|   │ "))                                                                            |
|   │ ```                                                                            |
|                                                                                    |
|   That defines a greeting function.                                                |
|                                                                                    |
|                                                                                    |
|                                                                                    |
|                                                                                    |
|                                                                                    |
|╭────────────────────────────────────────────────────────────────────────────────╮  |
|│                                                                                │  |
|╰────────────────────────────────────────────────────────────────────────────────╯  |
|branch test/style | mode full-auto | Tokens: 37/128000 (0%) | stream idle | model mo|
--- attrs
0,0:bold
0,1:bold
0,2:bold
2,0:bold
2,1:bold
2,2:bold
4,3:dim
4,4:dim
4,5:bold,dim
4,6:bold,dim
4,7:bold,dim
4,8:bold,dim
4,9:bold,dim
4,10:bold,dim
4,11:bold,dim
5,3:dim
5,4:dim
5,6:bold
5,7:bold
5,8:bold
5,9:bold
5,10:bold
6,3:dim
6,4:dim
6,15:bold
7,3:dim
7,4:dim
8,3:dim
8,4:dim
8,5:bold,dim
8,6:bold,dim
8,7:bold,dim
17,1:bold,invert
19,37:bold
19,38:bold
19,39:bold
19,40:bold
19,41:bold
19,42:bold
19,43:bold
19,44:bold
19,45:bold
19,46:bold
19,47:bold
19,48:bold
19,49:bold
19,50:bold
19,51:bold
19,52:bold
19,53:bold
19,54:bold
19,55:bold
19,56:bold
19,57:bold
19,58:bold
