--- ptui-snapshot v1 84x20
|━━━━━━━━━━━━━━━━━━━━━━━━━━━━━━━━━━━━━━━━━━━━━━━━━━━━━━━━━━━━━━━━━━━━                |
| █████╗ ███╗   ███╗ ██████╗ ███████╗██████╗ ██╗   ██╗███╗   ███╗                    |
|██╔══██╗████╗ ████║██╔═══██╗██╔════╝██╔══██╗██║   ██║████╗ ████║                    |
|███████║██╔████╔██║██║   ██║█████╗  ██████╔╝██║   ██║██╔████╔██║                    |
|██╔══██║██║╚██╔╝██║██║   ██║██╔══╝  ██╔══██╗██║   ██║██║╚██╔╝██║                    |
|██║  ██║██║ ╚═╝ ██║╚██████╔╝███████╗██████╔╝╚██████╔╝██║ ╚═╝ ██║                    |
|╚═╝  ╚═╝╚═╝     ╚═╝ ╚═════╝ ╚══════╝╚═════╝  ╚═════╝ ╚═╝     ╚═╝                    |
|━━━━━━━━━━━━━━━━━━━━━━━━━━━━━━━━━━━━━━━━━━━━━━━━━━━━━━━━━━━━━━━━━━━━                |
|                                                                                    |
|              🧬  Single-celled coding assistant 🧬                                   |
|                                                                                    |
|                                                                                    |
|              Type below and press Enter to start                                   |
|                                                                                    |
|                                                                                    |
|                                                                                    |
|╭────────────────────────────────────────────────────────────────────────────────╮  |
|│                                                                                │  |
|╰────────────────────────────────────────────────────────────────────────────────╯  |
|branch main | mode full-auto | Tokens: 0/128000 (0%) | ctx [░░░░░░░░] 0% | stream id|
--- attrs
0,0:bold
0,1:bold
0,2:bold
0,3:bold
0,4:bold
0,5:bold
0,6:bold
0,7:bold
0,8:bold
0,9:bold
0,10:bold
0,11:bold
0,12:bold
0,13:bold
0,14:bold
0,15:bold
0,16:bold
0,17:bold
0,18:bold
0,19:bold
0,20:bold
0,21:bold
0,22:bold
0,23:bold
0,24:bold
0,25:bold
0,26:bold
0,27:bold
0,28:bold
0,29:bold
0,30:bold
0,31:bold
0,32:bold
0,33:bold
0,34:bold
0,35:bold
0,36:bold
0,37:bold
0,38:bold
0,39:bold
0,40:bold
0,41:bold
0,42:bold
0,43:bold
0,44:bold
0,45:bold
0,46:bold
0,47:bold
0,48:bold
0,49:bold
0,50:bold
0,51:bold
0,52:bold
0,53:bold
0,54:bold
0,55:bold
0,56:bold
0,57:bold
0,58:bold
0,59:bold
0,60:bold
0,61:bold
0,62:bold
0,63:bold
0,64:bold
0,65:bold
0,66:bold
0,67:bold
1,0:bold
1,1:bold
1,2:bold
1,3:bold
1,4:bold
1,5:bold
1,6:bold
1,7:bold
1,8:bold
1,9:bold
1,10:bold
1,11:bold
1,12:bold
1,13:bold
1,14:bold
1,15:bold
1,16:bold
1,17:bold
1,18:bold
1,19:bold
1,20:bold
1,21:bold
1,22:bold
1,23:bold
1,24:bold
1,25:bold
1,26:bold
1,27:bold
1,28:bold
1,29:bold
1,30:bold
1,31:bold
1,32:bold
1,33:bold
1,34:bold
1,35:bold
1,36:bold
1,37:bold
1,38:bold
1,39:bold
1,40:bold
1,41:bold
1,42:bold
1,43:bold
1,44:bold
1,45:bold
1,46:bold
1,47:bold
1,48:bold
1,49:bold
1,50:bold
1,51:bold
1,52:bold
1,53:bold
1,54:bold
1,55:bold
1,56:bold
1,57:bold
1,58:bold
1,59:bold
1,60:bold
1,61:bold
1,62:bold
1,63:bold
1,64:bold
2,0:bold
2,1:bold
2,2:bold
2,3:bold
2,4:bold
2,5:bold
2,6:bold
2,7:bold
2,8:bold
2,9:bold
2,10:bold
2,11:bold
2,12:bold
2,13:bold
2,14:bold
2,15:bold
2,16:bold
2,17:bold
2,18:bold
2,19:bold
2,20:bold
2,21:bold
2,22:bold
2,23:bold
2,24:bold
2,25:bold
2,26:bold
2,27:bold
2,28:bold
2,29:bold
2,30:bold
2,31:bold
2,32:bold
2,33:bold
2,34:bold
2,35:bold
2,36:bold
2,37:bold
2,38:bold
2,39:bold
2,40:bold
2,41:bold
2,42:bold
2,43:bold
2,44:bold
2,45:bold
2,46:bold
2,47:bold
2,48:bold
2,49:bold
2,50:bold
2,51:bold
2,52:bold
2,53:bold
2,54:bold
2,55:bold
2,56:bold
2,57:bold
2,58:bold
2,59:bold
2,60:bold
2,61:bold
2,62:bold
2,63:bold
2,64:bold
3,0:bold
3,1:bold
3,2:bold
3,3:bold
3,4:bold
3,5:bold
3,6:bold
3,7:bold
3,8:bold
3,9:bold
3,10:bold
3,11:bold
3,12:bold
3,13:bold
3,14:bold
3,15:bold
3,16:bold
3,17:bold
3,18:bold
3,19:bold
3,20:bold
3,21:bold
3,22:bold
3,23:bold
3,24:bold
3,25:bold
3,26:bold
3,27:bold
3,28:bold
3,29:bold
3,30:bold
3,31:bold
3,32:bold
3,33:bold
3,34:bold
3,35:bold
3,36:bold
3,37:bold
3,38:bold
3,39:bold
3,40:bold
3,41:bold
3,42:bold
3,43:bold
3,44:bold
3,45:bold
3,46:bold
3,47:bold
3,48:bold
3,49:bold
3,50:bold
3,51:bold
3,52:bold
3,53:bold
3,54:bold
3,55:bold
3,56:bold
3,57:bold
3,58:bold
3,59:bold
3,60:bold
3,61:bold
3,62:bold
3,63:bold
3,64:bold
4,0:bold
4,1:bold
4,2:bold
4,3:bold
4,4:bold
4,5:bold
4,6:bold
4,7:bold
4,8:bold
4,9:bold
4,10:bold
4,11:bold
4,12:bold
4,13:bold
4,14:bold
4,15:bold
4,16:bold
4,17:bold
4,18:bold
4,19:bold
4,20:bold
4,21:bold
4,22:bold
4,23:bold
4,24:bold
4,25:bold
4,26:bold
4,27:bold
4,28:bold
4,29:bold
4,30:bold
4,31:bold
4,32:bold
4,33:bold
4,34:bold
4,35:bold
4,36:bold
4,37:bold
4,38:bold
4,39:bold
4,40:bold
4,41:bold
4,42:bold
4,43:bold
4,44:bold
4,45:bold
4,46:bold
4,47:bold
4,48:bold
4,49:bold
4,50:bold
4,51:bold
4,52:bold
4,53:bold
4,54:bold
4,55:bold
4,56:bold
4,57:bold
4,58:bold
4,59:bold
4,60:bold
4,61:bold
4,62:bold
4,63:bold
4,64:bold
5,0:bold
5,1:bold
5,2:bold
5,3:bold
5,4:bold
5,5:bold
5,6:bold
5,7:bold
5,8:bold
5,9:bold
5,10:bold
5,11:bold
5,12:bold
5,13:bold
5,14:bold
5,15:bold
5,16:bold
5,17:bold
5,18:bold
5,19:bold
5,20:bold
5,21:bold
5,22:bold
5,23:bold
5,24:bold
5,25:bold
5,26:bold
5,27:bold
5,28:bold
5,29:bold
5,30:bold
5,31:bold
5,32:bold
5,33:bold
5,34:bold
5,35:bold
5,36:bold
5,37:bold
5,38:bold
5,39:bold
5,40:bold
5,41:bold
5,42:bold
5,43:bold
5,44:bold
5,45:bold
5,46:bold
5,47:bold
5,48:bold
5,49:bold
5,50:bold
5,51:bold
5,52:bold
5,53:bold
5,54:bold
5,55:bold
5,56:bold
5,57:bold
5,58:bold
5,59:bold
5,60:bold
5,61:bold
5,62:bold
5,63:bold
5,64:bold
6,0:bold
6,1:bold
6,2:bold
6,3:bold
6,4:bold
6,5:bold
6,6:bold
6,7:bold
6,8:bold
6,9:bold
6,10:bold
6,11:bold
6,12:bold
6,13:bold
6,14:bold
6,15:bold
6,16:bold
6,17:bold
6,18:bold
6,19:bold
6,20:bold
6,21:bold
6,22:bold
6,23:bold
6,24:bold
6,25:bold
6,26:bold
6,27:bold
6,28:bold
6,29:bold
6,30:bold
6,31:bold
6,32:bold
6,33:bold
6,34:bold
6,35:bold
6,36:bold
6,37:bold
6,38:bold
6,39:bold
6,40:bold
6,41:bold
6,42:bold
6,43:bold
6,44:bold
6,45:bold
6,46:bold
6,47:bold
6,48:bold
6,49:bold
6,50:bold
6,51:bold
6,52:bold
6,53:bold
6,54:bold
6,55:bold
6,56:bold
6,57:bold
6,58:bold
6,59:bold
6,60:bold
6,61:bold
6,62:bold
6,63:bold
6,64:bold
7,0:bold
7,1:bold
7,2:bold
7,3:bold
7,4:bold
7,5:bold
7,6:bold
7,7:bold
7,8:bold
7,9:bold
7,10:bold
7,11:bold
7,12:bold
7,13:bold
7,14:bold
7,15:bold
7,16:bold
7,17:bold
7,18:bold
7,19:bold
7,20:bold
7,21:bold
7,22:bold
7,23:bold
7,24:bold
7,25:bold
7,26:bold
7,27:bold
7,28:bold
7,29:bold
7,30:bold
7,31:bold
7,32:bold
7,33:bold
7,34:bold
7,35:bold
7,36:bold
7,37:bold
7,38:bold
7,39:bold
7,40:bold
7,41:bold
7,42:bold
7,43:bold
7,44:bold
7,45:bold
7,46:bold
7,47:bold
7,48:bold
7,49:bold
7,50:bold
7,51:bold
7,52:bold
7,53:bold
7,54:bold
7,55:bold
7,56:bold
7,57:bold
7,58:bold
7,59:bold
7,60:bold
7,61:bold
7,62:bold
7,63:bold
7,64:bold
7,65:bold
7,66:bold
7,67:bold
9,14:bold
9,15:bold
9,48:bold
9,49:bold
17,1:bold,invert
19,31:bold
19,32:bold
19,33:bold
19,34:bold
19,35:bold
19,36:bold
19,37:bold
19,38:bold
19,39:bold
19,40:bold
19,41:bold
19,42:bold
19,43:bold
19,44:bold
19,45:bold
19,46:bold
19,47:bold
19,48:bold
19,49:bold
19,50:bold
19,51:bold
19,55:bold
19,56:bold
19,57:bold
19,58:bold
19,59:bold
19,60:bold
19,61:bold
19,62:bold
19,63:bold
19,64:bold
19,65:bold
19,66:bold
19,67:bold
19,68:bold
19,69:bold
19,70:bold
19,71:bold
